2025-05-01 05:18:27,093 - INFO - Logger initialized at 2025-05-01 05:18:27
2025-05-01 05:18:27,097 - INFO - Using GPU: NVIDIA GeForce RTX 4090 Laptop GPU
2025-05-01 05:18:27,097 - INFO - Model: LSTM
2025-05-01 05:18:27,097 - INFO - Dataset: GOLF_CAR
2025-05-01 05:18:27,097 - INFO - Model Config: {'seq_len': 40, 'hidden_dim': 48, 'num_layers': 3, 'dropout': 0.2, 'batch_size': 32, 'epochs': 10, 'learning_rate': 8e-05}
2025-05-01 05:18:27,097 - INFO - Dataset Config: {'dir': 'C:\\Users\\serha\\PycharmProjects\\fno_battery\\data\\data\\scaledData', 'features': ['soc', 'pack_voltage (V)', 'charge_current (A)', 'max_cell_voltage (V)', 'min_cell_voltage (V)', 'max_temperature (℃)', 'min_temperature (℃)'], 'target': 'available_capacity (Ah)', 'input_dim': 7, 'output_dim': 1, 'sample_size': 10000, 'validation_split': 0.2, 'test_split': 0.2}
2025-05-01 05:18:27,099 - INFO - Processing data...
2025-05-01 05:18:27,099 - INFO - Processing GOLF_CAR dataset
2025-05-01 05:18:27,099 - INFO - Loading Golf Car dataset
2025-05-01 05:18:27,099 - INFO - Found 18 data files
2025-05-01 05:18:27,100 - INFO - Using sample size: 10000 records per file
2025-05-01 05:18:27,100 - INFO - Loading file: C:\Users\serha\PycharmProjects\fno_battery\data\data\scaledData\scaledData10.csv
2025-05-01 05:18:27,511 - INFO - Loading file: C:\Users\serha\PycharmProjects\fno_battery\data\data\scaledData\scaledData11.csv
2025-05-01 05:18:27,987 - INFO - Loading file: C:\Users\serha\PycharmProjects\fno_battery\data\data\scaledData\scaledData12.csv
2025-05-01 05:18:28,454 - INFO - Loading file: C:\Users\serha\PycharmProjects\fno_battery\data\data\scaledData\scaledData13.csv
2025-05-01 05:18:28,888 - INFO - Loading file: C:\Users\serha\PycharmProjects\fno_battery\data\data\scaledData\scaledData14.csv
2025-05-01 05:18:29,357 - INFO - Loading file: C:\Users\serha\PycharmProjects\fno_battery\data\data\scaledData\scaledData15.csv
2025-05-01 05:18:29,796 - INFO - Loading file: C:\Users\serha\PycharmProjects\fno_battery\data\data\scaledData\scaledData16.csv
2025-05-01 05:18:30,292 - INFO - Loading file: C:\Users\serha\PycharmProjects\fno_battery\data\data\scaledData\scaledData17.csv
2025-05-01 05:18:30,703 - INFO - Loading file: C:\Users\serha\PycharmProjects\fno_battery\data\data\scaledData\scaledData18.csv
2025-05-01 05:18:31,122 - INFO - Loading file: C:\Users\serha\PycharmProjects\fno_battery\data\data\scaledData\scaledData19.csv
2025-05-01 05:18:31,557 - INFO - Loading file: C:\Users\serha\PycharmProjects\fno_battery\data\data\scaledData\scaledData2.csv
2025-05-01 05:18:32,028 - INFO - Loading file: C:\Users\serha\PycharmProjects\fno_battery\data\data\scaledData\scaledData20.csv
2025-05-01 05:18:32,501 - INFO - Loading file: C:\Users\serha\PycharmProjects\fno_battery\data\data\scaledData\scaledData3.csv
2025-05-01 05:18:32,794 - INFO - Loading file: C:\Users\serha\PycharmProjects\fno_battery\data\data\scaledData\scaledData5.csv
2025-05-01 05:18:33,258 - INFO - Loading file: C:\Users\serha\PycharmProjects\fno_battery\data\data\scaledData\scaledData6.csv
2025-05-01 05:18:33,587 - INFO - Loading file: C:\Users\serha\PycharmProjects\fno_battery\data\data\scaledData\scaledData7.csv
2025-05-01 05:18:34,068 - INFO - Loading file: C:\Users\serha\PycharmProjects\fno_battery\data\data\scaledData\scaledData8.csv
2025-05-01 05:18:34,520 - INFO - Loading file: C:\Users\serha\PycharmProjects\fno_battery\data\data\scaledData\scaledData9.csv
2025-05-01 05:18:34,886 - INFO - Loaded 180000 records from 18 files
2025-05-01 05:18:34,887 - INFO - Preprocessing Golf Car data
2025-05-01 05:18:34,947 - INFO - Creating sequences with length 40 and stride 20
2025-05-01 05:18:34,976 - INFO - Created 8964 sequences with shape (8964, 40, 7)
2025-05-01 05:18:34,983 - INFO - Created data loaders: Train (5380 samples), Validation (1792 samples), Test (1792 samples)
2025-05-01 05:18:34,983 - INFO - Dataset info: {'input_dim': 7, 'output_dim': 1, 'seq_len': 40, 'features': ['soc', 'pack_voltage (V)', 'charge_current (A)', 'max_cell_voltage (V)', 'min_cell_voltage (V)', 'max_temperature (℃)', 'min_temperature (℃)'], 'target': 'available_capacity (Ah)'}
2025-05-01 05:18:34,983 - INFO - Initializing model...
2025-05-01 05:18:35,084 - INFO - Training model...
2025-05-01 05:18:43,069 - INFO - Evaluating model...
2025-05-01 05:18:43,131 - INFO - Evaluation metrics:
