2025-05-01 05:36:53,333 - INFO - Logger initialized at 2025-05-01 05:36:53
2025-05-01 05:36:53,335 - INFO - GPU not available, using CPU
2025-05-01 05:36:53,335 - INFO - Model: LSTM
2025-05-01 05:36:53,335 - INFO - Dataset: GOLF_CAR
2025-05-01 05:36:53,335 - INFO - Model Config: {'seq_len': 60, 'hidden_dim': 128, 'num_layers': 3, 'dropout': 0.3, 'batch_size': 32, 'epochs': 3, 'learning_rate': 0.0003, 'bidirectional': True}
2025-05-01 05:36:53,336 - INFO - Dataset Config: {'dir': 'C:\\Users\\serha\\PycharmProjects\\fno_battery\\data\\data\\scaledData', 'features': ['soc', 'pack_voltage (V)', 'charge_current (A)', 'max_cell_voltage (V)', 'min_cell_voltage (V)', 'max_temperature (℃)', 'min_temperature (℃)'], 'target': 'available_capacity (Ah)', 'input_dim': 7, 'output_dim': 1, 'sample_size': 10000, 'validation_split': 0.15, 'test_split': 0.15}
2025-05-01 05:36:53,336 - INFO - Processing data...
2025-05-01 05:36:53,336 - INFO - Processing GOLF_CAR dataset
2025-05-01 05:36:53,336 - INFO - Loading Golf Car dataset
2025-05-01 05:36:53,336 - INFO - Found 18 data files
2025-05-01 05:36:53,338 - INFO - Using sample size: 10000 records per file
2025-05-01 05:36:53,338 - INFO - Loading file: C:\Users\serha\PycharmProjects\fno_battery\data\data\scaledData\scaledData10.csv
2025-05-01 05:36:53,768 - INFO - Loading file: C:\Users\serha\PycharmProjects\fno_battery\data\data\scaledData\scaledData11.csv
2025-05-01 05:36:54,333 - INFO - Loading file: C:\Users\serha\PycharmProjects\fno_battery\data\data\scaledData\scaledData12.csv
2025-05-01 05:36:54,830 - INFO - Loading file: C:\Users\serha\PycharmProjects\fno_battery\data\data\scaledData\scaledData13.csv
2025-05-01 05:36:55,270 - INFO - Loading file: C:\Users\serha\PycharmProjects\fno_battery\data\data\scaledData\scaledData14.csv
2025-05-01 05:36:55,727 - INFO - Loading file: C:\Users\serha\PycharmProjects\fno_battery\data\data\scaledData\scaledData15.csv
2025-05-01 05:36:56,148 - INFO - Loading file: C:\Users\serha\PycharmProjects\fno_battery\data\data\scaledData\scaledData16.csv
2025-05-01 05:36:56,601 - INFO - Loading file: C:\Users\serha\PycharmProjects\fno_battery\data\data\scaledData\scaledData17.csv
2025-05-01 05:36:56,979 - INFO - Loading file: C:\Users\serha\PycharmProjects\fno_battery\data\data\scaledData\scaledData18.csv
2025-05-01 05:36:57,407 - INFO - Loading file: C:\Users\serha\PycharmProjects\fno_battery\data\data\scaledData\scaledData19.csv
2025-05-01 05:36:57,818 - INFO - Loading file: C:\Users\serha\PycharmProjects\fno_battery\data\data\scaledData\scaledData2.csv
2025-05-01 05:36:58,270 - INFO - Loading file: C:\Users\serha\PycharmProjects\fno_battery\data\data\scaledData\scaledData20.csv
2025-05-01 05:36:58,713 - INFO - Loading file: C:\Users\serha\PycharmProjects\fno_battery\data\data\scaledData\scaledData3.csv
2025-05-01 05:36:58,990 - INFO - Loading file: C:\Users\serha\PycharmProjects\fno_battery\data\data\scaledData\scaledData5.csv
2025-05-01 05:36:59,437 - INFO - Loading file: C:\Users\serha\PycharmProjects\fno_battery\data\data\scaledData\scaledData6.csv
2025-05-01 05:36:59,742 - INFO - Loading file: C:\Users\serha\PycharmProjects\fno_battery\data\data\scaledData\scaledData7.csv
2025-05-01 05:37:00,187 - INFO - Loading file: C:\Users\serha\PycharmProjects\fno_battery\data\data\scaledData\scaledData8.csv
2025-05-01 05:37:00,616 - INFO - Loading file: C:\Users\serha\PycharmProjects\fno_battery\data\data\scaledData\scaledData9.csv
2025-05-01 05:37:00,957 - INFO - Loaded 180000 records from 18 files
2025-05-01 05:37:00,957 - INFO - Preprocessing Golf Car data
2025-05-01 05:37:01,015 - INFO - Creating sequences with length 60 and stride 30
2025-05-01 05:37:01,042 - INFO - Created 5976 sequences with shape (5976, 60, 7)
2025-05-01 05:37:01,047 - INFO - Created data loaders: Train (4184 samples), Validation (896 samples), Test (896 samples)
2025-05-01 05:37:01,047 - INFO - Dataset info: {'input_dim': 7, 'output_dim': 1, 'seq_len': 60, 'features': ['soc', 'pack_voltage (V)', 'charge_current (A)', 'max_cell_voltage (V)', 'min_cell_voltage (V)', 'max_temperature (℃)', 'min_temperature (℃)'], 'target': 'available_capacity (Ah)'}
2025-05-01 05:37:01,047 - INFO - Initializing model...
2025-05-01 05:37:01,053 - INFO - Training model...
2025-05-01 05:37:01,958 - INFO - Starting training for 3 epochs
2025-05-01 05:37:11,563 - INFO - Epoch 1/3 - Training Loss: 275744.471374
2025-05-01 05:37:12,837 - INFO - Epoch 1/3 - Validation Loss: 551868.815848
2025-05-01 05:37:12,843 - INFO - Model saved to models\LSTM_GOLF_CAR_model.pt
2025-05-01 05:37:27,467 - INFO - Epoch 2/3 - Training Loss: 410218.968273
2025-05-01 05:37:28,801 - INFO - Epoch 2/3 - Validation Loss: 578006.156250
2025-05-01 05:37:50,870 - INFO - Epoch 3/3 - Training Loss: 531312.809637
2025-05-01 05:37:52,551 - INFO - Epoch 3/3 - Validation Loss: 507165.536830
2025-05-01 05:37:52,559 - INFO - Model saved to models\LSTM_GOLF_CAR_model.pt
2025-05-01 05:37:52,564 - INFO - Loaded best model parameters
2025-05-01 05:37:52,564 - INFO - Training complete in 50.61 seconds
2025-05-01 05:37:52,564 - INFO - Best validation loss: 507165.536830
2025-05-01 05:37:52,564 - INFO - Evaluating model...
2025-05-01 05:37:54,303 - INFO - Evaluation metrics:
