2025-05-01 05:34:07,029 - INFO - Logger initialized at 2025-05-01 05:34:07
2025-05-01 05:34:07,029 - INFO - GPU not available, using CPU
2025-05-01 05:34:07,029 - INFO - Model: LSTM
2025-05-01 05:34:07,029 - INFO - Dataset: GOLF_CAR
2025-05-01 05:34:07,029 - INFO - Model Config: {'seq_len': 60, 'hidden_dim': 128, 'num_layers': 3, 'dropout': 0.3, 'batch_size': 32, 'epochs': 5, 'learning_rate': 0.0003, 'bidirectional': True}
2025-05-01 05:34:07,029 - INFO - Dataset Config: {'dir': 'C:\\Users\\serha\\PycharmProjects\\fno_battery\\data\\data\\scaledData', 'features': ['soc', 'pack_voltage (V)', 'charge_current (A)', 'max_cell_voltage (V)', 'min_cell_voltage (V)', 'max_temperature (℃)', 'min_temperature (℃)'], 'target': 'available_capacity (Ah)', 'input_dim': 7, 'output_dim': 1, 'sample_size': 10000, 'validation_split': 0.15, 'test_split': 0.15}
2025-05-01 05:34:07,034 - INFO - Processing data...
2025-05-01 05:34:07,034 - INFO - Processing GOLF_CAR dataset
2025-05-01 05:34:07,034 - INFO - Loading Golf Car dataset
2025-05-01 05:34:07,034 - INFO - Found 18 data files
2025-05-01 05:34:07,034 - INFO - Using sample size: 10000 records per file
2025-05-01 05:34:07,034 - INFO - Loading file: C:\Users\serha\PycharmProjects\fno_battery\data\data\scaledData\scaledData10.csv
2025-05-01 05:34:07,427 - INFO - Loading file: C:\Users\serha\PycharmProjects\fno_battery\data\data\scaledData\scaledData11.csv
2025-05-01 05:34:07,868 - INFO - Loading file: C:\Users\serha\PycharmProjects\fno_battery\data\data\scaledData\scaledData12.csv
2025-05-01 05:34:08,330 - INFO - Loading file: C:\Users\serha\PycharmProjects\fno_battery\data\data\scaledData\scaledData13.csv
2025-05-01 05:34:08,774 - INFO - Loading file: C:\Users\serha\PycharmProjects\fno_battery\data\data\scaledData\scaledData14.csv
2025-05-01 05:34:09,224 - INFO - Loading file: C:\Users\serha\PycharmProjects\fno_battery\data\data\scaledData\scaledData15.csv
2025-05-01 05:34:09,638 - INFO - Loading file: C:\Users\serha\PycharmProjects\fno_battery\data\data\scaledData\scaledData16.csv
2025-05-01 05:34:10,099 - INFO - Loading file: C:\Users\serha\PycharmProjects\fno_battery\data\data\scaledData\scaledData17.csv
2025-05-01 05:34:10,498 - INFO - Loading file: C:\Users\serha\PycharmProjects\fno_battery\data\data\scaledData\scaledData18.csv
2025-05-01 05:34:10,899 - INFO - Loading file: C:\Users\serha\PycharmProjects\fno_battery\data\data\scaledData\scaledData19.csv
2025-05-01 05:34:11,303 - INFO - Loading file: C:\Users\serha\PycharmProjects\fno_battery\data\data\scaledData\scaledData2.csv
2025-05-01 05:34:11,755 - INFO - Loading file: C:\Users\serha\PycharmProjects\fno_battery\data\data\scaledData\scaledData20.csv
2025-05-01 05:34:12,218 - INFO - Loading file: C:\Users\serha\PycharmProjects\fno_battery\data\data\scaledData\scaledData3.csv
2025-05-01 05:34:12,500 - INFO - Loading file: C:\Users\serha\PycharmProjects\fno_battery\data\data\scaledData\scaledData5.csv
2025-05-01 05:34:12,932 - INFO - Loading file: C:\Users\serha\PycharmProjects\fno_battery\data\data\scaledData\scaledData6.csv
2025-05-01 05:34:13,231 - INFO - Loading file: C:\Users\serha\PycharmProjects\fno_battery\data\data\scaledData\scaledData7.csv
2025-05-01 05:34:13,688 - INFO - Loading file: C:\Users\serha\PycharmProjects\fno_battery\data\data\scaledData\scaledData8.csv
2025-05-01 05:34:14,120 - INFO - Loading file: C:\Users\serha\PycharmProjects\fno_battery\data\data\scaledData\scaledData9.csv
2025-05-01 05:34:14,465 - INFO - Loaded 180000 records from 18 files
2025-05-01 05:34:14,467 - INFO - Preprocessing Golf Car data
2025-05-01 05:34:14,522 - INFO - Creating sequences with length 60 and stride 30
2025-05-01 05:34:14,551 - INFO - Created 5976 sequences with shape (5976, 60, 7)
2025-05-01 05:34:14,557 - INFO - Created data loaders: Train (4184 samples), Validation (896 samples), Test (896 samples)
2025-05-01 05:34:14,558 - INFO - Dataset info: {'input_dim': 7, 'output_dim': 1, 'seq_len': 60, 'features': ['soc', 'pack_voltage (V)', 'charge_current (A)', 'max_cell_voltage (V)', 'min_cell_voltage (V)', 'max_temperature (℃)', 'min_temperature (℃)'], 'target': 'available_capacity (Ah)'}
2025-05-01 05:34:14,558 - INFO - Initializing model...
2025-05-01 05:34:14,563 - INFO - Training model...
