2025-05-01 05:47:56,808 - INFO - Logger initialized at 2025-05-01 05:47:56
2025-05-01 05:47:56,811 - INFO - Using GPU: NVIDIA GeForce RTX 4090 Laptop GPU
2025-05-01 05:47:56,812 - INFO - Model: LSTM
2025-05-01 05:47:56,812 - INFO - Dataset: XJTU
2025-05-01 05:47:56,812 - INFO - Model Config: {'seq_len': 60, 'hidden_dim': 128, 'num_layers': 3, 'dropout': 0.3, 'batch_size': 32, 'epochs': 50, 'learning_rate': 0.0003, 'bidirectional': True}
2025-05-01 05:47:56,812 - INFO - Dataset Config: {'dir': 'C:\\Users\\serha\\PycharmProjects\\fno_battery\\data\\XJTU_data', 'features': ['voltage mean', 'voltage std', 'voltage kurtosis', 'voltage skewness', 'CC Q', 'CC charge time', 'voltage slope', 'voltage entropy', 'current mean', 'current std', 'current kurtosis', 'current skewness', 'CV Q', 'CV charge time', 'current slope', 'current entropy', 'capacity'], 'target': 'capacity', 'input_dim': 17, 'output_dim': 1, 'validation_split': 0.2, 'test_split': 0.2}
2025-05-01 05:47:56,815 - INFO - Processing data...
2025-05-01 05:47:56,815 - INFO - Processing XJTU dataset
2025-05-01 05:47:56,815 - INFO - Loading XJTU dataset
2025-05-01 05:47:56,815 - INFO - Found 55 data files
2025-05-01 05:47:56,815 - INFO - Loading file: C:\Users\serha\PycharmProjects\fno_battery\data\XJTU_data\2C_battery-1.csv
2025-05-01 05:47:56,818 - INFO - Loading file: C:\Users\serha\PycharmProjects\fno_battery\data\XJTU_data\2C_battery-2.csv
2025-05-01 05:47:56,821 - INFO - Loading file: C:\Users\serha\PycharmProjects\fno_battery\data\XJTU_data\2C_battery-3.csv
2025-05-01 05:47:56,823 - INFO - Loading file: C:\Users\serha\PycharmProjects\fno_battery\data\XJTU_data\2C_battery-4.csv
2025-05-01 05:47:56,824 - INFO - Loading file: C:\Users\serha\PycharmProjects\fno_battery\data\XJTU_data\2C_battery-5.csv
2025-05-01 05:47:56,827 - INFO - Loading file: C:\Users\serha\PycharmProjects\fno_battery\data\XJTU_data\2C_battery-6.csv
2025-05-01 05:47:56,828 - INFO - Loading file: C:\Users\serha\PycharmProjects\fno_battery\data\XJTU_data\2C_battery-7.csv
2025-05-01 05:47:56,830 - INFO - Loading file: C:\Users\serha\PycharmProjects\fno_battery\data\XJTU_data\2C_battery-8.csv
2025-05-01 05:47:56,833 - INFO - Loading file: C:\Users\serha\PycharmProjects\fno_battery\data\XJTU_data\3C_battery-1.csv
2025-05-01 05:47:56,834 - INFO - Loading file: C:\Users\serha\PycharmProjects\fno_battery\data\XJTU_data\3C_battery-10.csv
2025-05-01 05:47:56,836 - INFO - Loading file: C:\Users\serha\PycharmProjects\fno_battery\data\XJTU_data\3C_battery-11.csv
2025-05-01 05:47:56,837 - INFO - Loading file: C:\Users\serha\PycharmProjects\fno_battery\data\XJTU_data\3C_battery-12.csv
2025-05-01 05:47:56,838 - INFO - Loading file: C:\Users\serha\PycharmProjects\fno_battery\data\XJTU_data\3C_battery-13.csv
2025-05-01 05:47:56,840 - INFO - Loading file: C:\Users\serha\PycharmProjects\fno_battery\data\XJTU_data\3C_battery-14.csv
2025-05-01 05:47:56,841 - INFO - Loading file: C:\Users\serha\PycharmProjects\fno_battery\data\XJTU_data\3C_battery-15.csv
2025-05-01 05:47:56,841 - INFO - Loading file: C:\Users\serha\PycharmProjects\fno_battery\data\XJTU_data\3C_battery-2.csv
2025-05-01 05:47:56,844 - INFO - Loading file: C:\Users\serha\PycharmProjects\fno_battery\data\XJTU_data\3C_battery-3.csv
2025-05-01 05:47:56,844 - INFO - Loading file: C:\Users\serha\PycharmProjects\fno_battery\data\XJTU_data\3C_battery-4.csv
2025-05-01 05:47:56,845 - INFO - Loading file: C:\Users\serha\PycharmProjects\fno_battery\data\XJTU_data\3C_battery-5.csv
2025-05-01 05:47:56,846 - INFO - Loading file: C:\Users\serha\PycharmProjects\fno_battery\data\XJTU_data\3C_battery-6.csv
2025-05-01 05:47:56,848 - INFO - Loading file: C:\Users\serha\PycharmProjects\fno_battery\data\XJTU_data\3C_battery-7.csv
2025-05-01 05:47:56,849 - INFO - Loading file: C:\Users\serha\PycharmProjects\fno_battery\data\XJTU_data\3C_battery-8.csv
2025-05-01 05:47:56,851 - INFO - Loading file: C:\Users\serha\PycharmProjects\fno_battery\data\XJTU_data\3C_battery-9.csv
2025-05-01 05:47:56,854 - INFO - Loading file: C:\Users\serha\PycharmProjects\fno_battery\data\XJTU_data\R2.5_battery-1.csv
2025-05-01 05:47:56,855 - INFO - Loading file: C:\Users\serha\PycharmProjects\fno_battery\data\XJTU_data\R2.5_battery-2.csv
2025-05-01 05:47:56,858 - INFO - Loading file: C:\Users\serha\PycharmProjects\fno_battery\data\XJTU_data\R2.5_battery-3.csv
2025-05-01 05:47:56,861 - INFO - Loading file: C:\Users\serha\PycharmProjects\fno_battery\data\XJTU_data\R2.5_battery-4.csv
2025-05-01 05:47:56,864 - INFO - Loading file: C:\Users\serha\PycharmProjects\fno_battery\data\XJTU_data\R2.5_battery-5.csv
2025-05-01 05:47:56,867 - INFO - Loading file: C:\Users\serha\PycharmProjects\fno_battery\data\XJTU_data\R2.5_battery-6.csv
2025-05-01 05:47:56,870 - INFO - Loading file: C:\Users\serha\PycharmProjects\fno_battery\data\XJTU_data\R2.5_battery-7.csv
2025-05-01 05:47:56,872 - INFO - Loading file: C:\Users\serha\PycharmProjects\fno_battery\data\XJTU_data\R2.5_battery-8.csv
2025-05-01 05:47:56,874 - INFO - Loading file: C:\Users\serha\PycharmProjects\fno_battery\data\XJTU_data\R3_battery-1.csv
2025-05-01 05:47:56,878 - INFO - Loading file: C:\Users\serha\PycharmProjects\fno_battery\data\XJTU_data\R3_battery-2.csv
2025-05-01 05:47:56,880 - INFO - Loading file: C:\Users\serha\PycharmProjects\fno_battery\data\XJTU_data\R3_battery-3.csv
2025-05-01 05:47:56,882 - INFO - Loading file: C:\Users\serha\PycharmProjects\fno_battery\data\XJTU_data\R3_battery-4.csv
2025-05-01 05:47:56,883 - INFO - Loading file: C:\Users\serha\PycharmProjects\fno_battery\data\XJTU_data\R3_battery-5.csv
2025-05-01 05:47:56,886 - INFO - Loading file: C:\Users\serha\PycharmProjects\fno_battery\data\XJTU_data\R3_battery-6.csv
2025-05-01 05:47:56,889 - INFO - Loading file: C:\Users\serha\PycharmProjects\fno_battery\data\XJTU_data\R3_battery-7.csv
2025-05-01 05:47:56,891 - INFO - Loading file: C:\Users\serha\PycharmProjects\fno_battery\data\XJTU_data\R3_battery-8.csv
2025-05-01 05:47:56,893 - INFO - Loading file: C:\Users\serha\PycharmProjects\fno_battery\data\XJTU_data\RW_battery-1.csv
2025-05-01 05:47:56,895 - INFO - Loading file: C:\Users\serha\PycharmProjects\fno_battery\data\XJTU_data\RW_battery-2.csv
2025-05-01 05:47:56,897 - INFO - Loading file: C:\Users\serha\PycharmProjects\fno_battery\data\XJTU_data\RW_battery-3.csv
2025-05-01 05:47:56,897 - INFO - Loading file: C:\Users\serha\PycharmProjects\fno_battery\data\XJTU_data\RW_battery-4.csv
2025-05-01 05:47:56,898 - INFO - Loading file: C:\Users\serha\PycharmProjects\fno_battery\data\XJTU_data\RW_battery-5.csv
2025-05-01 05:47:56,900 - INFO - Loading file: C:\Users\serha\PycharmProjects\fno_battery\data\XJTU_data\RW_battery-6.csv
2025-05-01 05:47:56,901 - INFO - Loading file: C:\Users\serha\PycharmProjects\fno_battery\data\XJTU_data\RW_battery-7.csv
2025-05-01 05:47:56,903 - INFO - Loading file: C:\Users\serha\PycharmProjects\fno_battery\data\XJTU_data\RW_battery-8.csv
2025-05-01 05:47:56,904 - INFO - Loading file: C:\Users\serha\PycharmProjects\fno_battery\data\XJTU_data\Sim_satellite_battery-1.csv
2025-05-01 05:47:56,907 - INFO - Loading file: C:\Users\serha\PycharmProjects\fno_battery\data\XJTU_data\Sim_satellite_battery-2.csv
2025-05-01 05:47:56,912 - INFO - Loading file: C:\Users\serha\PycharmProjects\fno_battery\data\XJTU_data\Sim_satellite_battery-3.csv
2025-05-01 05:47:56,914 - INFO - Loading file: C:\Users\serha\PycharmProjects\fno_battery\data\XJTU_data\Sim_satellite_battery-4.csv
2025-05-01 05:47:56,917 - INFO - Loading file: C:\Users\serha\PycharmProjects\fno_battery\data\XJTU_data\Sim_satellite_battery-5.csv
2025-05-01 05:47:56,921 - INFO - Loading file: C:\Users\serha\PycharmProjects\fno_battery\data\XJTU_data\Sim_satellite_battery-6.csv
2025-05-01 05:47:56,924 - INFO - Loading file: C:\Users\serha\PycharmProjects\fno_battery\data\XJTU_data\Sim_satellite_battery-7.csv
2025-05-01 05:47:56,928 - INFO - Loading file: C:\Users\serha\PycharmProjects\fno_battery\data\XJTU_data\Sim_satellite_battery-8.csv
2025-05-01 05:47:56,932 - INFO - Loaded 23297 records from 55 files
2025-05-01 05:47:56,934 - INFO - Preprocessing XJTU data
2025-05-01 05:47:56,950 - INFO - Creating sequences with length 60 and stride 30
2025-05-01 05:47:56,970 - INFO - Created 709 sequences with shape (709, 60, 17)
2025-05-01 05:47:56,975 - INFO - Created data loaders: Train (427 samples), Validation (141 samples), Test (141 samples)
2025-05-01 05:47:56,975 - INFO - Dataset info: {'input_dim': 17, 'output_dim': 1, 'seq_len': 60, 'features': ['voltage mean', 'voltage std', 'voltage kurtosis', 'voltage skewness', 'CC Q', 'CC charge time', 'voltage slope', 'voltage entropy', 'current mean', 'current std', 'current kurtosis', 'current skewness', 'CV Q', 'CV charge time', 'current slope', 'current entropy', 'capacity'], 'target': 'capacity'}
2025-05-01 05:47:56,976 - INFO - Initializing model...
2025-05-01 05:47:57,076 - INFO - Training model...
2025-05-01 05:47:57,967 - INFO - Starting training for 50 epochs
2025-05-01 05:47:58,273 - INFO - Epoch 1/50 - Training Loss: 0.933755
2025-05-01 05:47:58,288 - INFO - Epoch 1/50 - Validation Loss: 2.697707
2025-05-01 05:47:58,294 - INFO - Model saved to models\LSTM_XJTU_model.pt
2025-05-01 05:47:58,360 - INFO - Epoch 2/50 - Training Loss: 1.337638
2025-05-01 05:47:58,373 - INFO - Epoch 2/50 - Validation Loss: 2.651409
2025-05-01 05:47:58,379 - INFO - Model saved to models\LSTM_XJTU_model.pt
2025-05-01 05:47:58,477 - INFO - Epoch 3/50 - Training Loss: 1.928523
2025-05-01 05:47:58,488 - INFO - Epoch 3/50 - Validation Loss: 2.558859
2025-05-01 05:47:58,494 - INFO - Model saved to models\LSTM_XJTU_model.pt
2025-05-01 05:47:58,586 - INFO - Epoch 4/50 - Training Loss: 1.776773
2025-05-01 05:47:58,597 - INFO - Epoch 4/50 - Validation Loss: 2.442421
2025-05-01 05:47:58,602 - INFO - Model saved to models\LSTM_XJTU_model.pt
2025-05-01 05:47:58,690 - INFO - Epoch 5/50 - Training Loss: 1.927686
2025-05-01 05:47:58,705 - INFO - Epoch 5/50 - Validation Loss: 2.413163
2025-05-01 05:47:58,710 - INFO - Model saved to models\LSTM_XJTU_model.pt
2025-05-01 05:47:58,802 - INFO - Epoch 6/50 - Training Loss: 1.801679
2025-05-01 05:47:58,812 - INFO - Epoch 6/50 - Validation Loss: 1.918316
2025-05-01 05:47:58,818 - INFO - Model saved to models\LSTM_XJTU_model.pt
2025-05-01 05:47:58,916 - INFO - Epoch 7/50 - Training Loss: 1.714350
2025-05-01 05:47:58,927 - INFO - Epoch 7/50 - Validation Loss: 2.418617
2025-05-01 05:47:59,012 - INFO - Epoch 8/50 - Training Loss: 1.609426
2025-05-01 05:47:59,025 - INFO - Epoch 8/50 - Validation Loss: 18.906506
2025-05-01 05:47:59,111 - INFO - Epoch 9/50 - Training Loss: 1.298413
2025-05-01 05:47:59,123 - INFO - Epoch 9/50 - Validation Loss: 14.894134
2025-05-01 05:47:59,221 - INFO - Epoch 10/50 - Training Loss: 1.002384
2025-05-01 05:47:59,235 - INFO - Epoch 10/50 - Validation Loss: 2.398384
2025-05-01 05:47:59,329 - INFO - Epoch 11/50 - Training Loss: 0.689587
2025-05-01 05:47:59,342 - INFO - Epoch 11/50 - Validation Loss: 27.654440
2025-05-01 05:47:59,427 - INFO - Epoch 12/50 - Training Loss: 0.380238
2025-05-01 05:47:59,437 - INFO - Epoch 12/50 - Validation Loss: 26.903672
2025-05-01 05:47:59,523 - INFO - Epoch 13/50 - Training Loss: 0.346753
2025-05-01 05:47:59,534 - INFO - Epoch 13/50 - Validation Loss: 61.332132
2025-05-01 05:47:59,622 - INFO - Epoch 14/50 - Training Loss: 0.288263
2025-05-01 05:47:59,634 - INFO - Epoch 14/50 - Validation Loss: 94.462442
2025-05-01 05:47:59,723 - INFO - Epoch 15/50 - Training Loss: 0.241988
2025-05-01 05:47:59,734 - INFO - Epoch 15/50 - Validation Loss: 10.817490
2025-05-01 05:47:59,822 - INFO - Epoch 16/50 - Training Loss: 0.219355
2025-05-01 05:47:59,834 - INFO - Epoch 16/50 - Validation Loss: 69.259213
2025-05-01 05:47:59,834 - INFO - Early stopping triggered after 16 epochs
2025-05-01 05:47:59,835 - INFO - Loaded best model parameters
2025-05-01 05:47:59,835 - INFO - Training complete in 1.87 seconds
2025-05-01 05:47:59,835 - INFO - Best validation loss: 1.918316
2025-05-01 05:47:59,835 - INFO - Evaluating model...
2025-05-01 05:47:59,850 - INFO - Evaluation metrics:
2025-05-01 05:47:59,850 - INFO - RMSE: 1.3418
2025-05-01 05:47:59,850 - INFO - MAE: 1.2357
2025-05-01 05:47:59,850 - INFO - R2: -210.1615
2025-05-01 05:47:59,850 - INFO - MAPE: 66.4308
2025-05-01 05:47:59,850 - INFO - PCC: -0.0723
2025-05-01 05:47:59,850 - INFO - MDA: 63.5714
2025-05-01 05:47:59,850 - INFO - Results saved to outputs/results/LSTM_XJTU_results.json
2025-05-01 05:47:59,850 - INFO - Prediction plot saved to outputs/figures/LSTM_XJTU_prediction.png
2025-05-01 05:47:59,850 - INFO - Done!
