2025-05-01 05:35:07,815 - INFO - Logger initialized at 2025-05-01 05:35:07
2025-05-01 05:35:07,817 - INFO - GPU not available, using CPU
2025-05-01 05:35:07,817 - INFO - Model: LSTM
2025-05-01 05:35:07,817 - INFO - Dataset: GOLF_CAR
2025-05-01 05:35:07,817 - INFO - Model Config: {'seq_len': 60, 'hidden_dim': 128, 'num_layers': 3, 'dropout': 0.3, 'batch_size': 32, 'epochs': 5, 'learning_rate': 0.0003, 'bidirectional': True}
2025-05-01 05:35:07,817 - INFO - Dataset Config: {'dir': 'C:\\Users\\serha\\PycharmProjects\\fno_battery\\data\\data\\scaledData', 'features': ['soc', 'pack_voltage (V)', 'charge_current (A)', 'max_cell_voltage (V)', 'min_cell_voltage (V)', 'max_temperature (℃)', 'min_temperature (℃)'], 'target': 'available_capacity (Ah)', 'input_dim': 7, 'output_dim': 1, 'sample_size': 10000, 'validation_split': 0.15, 'test_split': 0.15}
2025-05-01 05:35:07,817 - INFO - Processing data...
2025-05-01 05:35:07,818 - INFO - Processing GOLF_CAR dataset
2025-05-01 05:35:07,818 - INFO - Loading Golf Car dataset
2025-05-01 05:35:07,818 - INFO - Found 18 data files
2025-05-01 05:35:07,818 - INFO - Using sample size: 10000 records per file
2025-05-01 05:35:07,818 - INFO - Loading file: C:\Users\serha\PycharmProjects\fno_battery\data\data\scaledData\scaledData10.csv
2025-05-01 05:35:08,236 - INFO - Loading file: C:\Users\serha\PycharmProjects\fno_battery\data\data\scaledData\scaledData11.csv
2025-05-01 05:35:08,691 - INFO - Loading file: C:\Users\serha\PycharmProjects\fno_battery\data\data\scaledData\scaledData12.csv
2025-05-01 05:35:09,143 - INFO - Loading file: C:\Users\serha\PycharmProjects\fno_battery\data\data\scaledData\scaledData13.csv
2025-05-01 05:35:09,551 - INFO - Loading file: C:\Users\serha\PycharmProjects\fno_battery\data\data\scaledData\scaledData14.csv
2025-05-01 05:35:09,999 - INFO - Loading file: C:\Users\serha\PycharmProjects\fno_battery\data\data\scaledData\scaledData15.csv
2025-05-01 05:35:10,416 - INFO - Loading file: C:\Users\serha\PycharmProjects\fno_battery\data\data\scaledData\scaledData16.csv
2025-05-01 05:35:10,880 - INFO - Loading file: C:\Users\serha\PycharmProjects\fno_battery\data\data\scaledData\scaledData17.csv
2025-05-01 05:35:11,268 - INFO - Loading file: C:\Users\serha\PycharmProjects\fno_battery\data\data\scaledData\scaledData18.csv
2025-05-01 05:35:11,679 - INFO - Loading file: C:\Users\serha\PycharmProjects\fno_battery\data\data\scaledData\scaledData19.csv
2025-05-01 05:35:12,085 - INFO - Loading file: C:\Users\serha\PycharmProjects\fno_battery\data\data\scaledData\scaledData2.csv
2025-05-01 05:35:12,539 - INFO - Loading file: C:\Users\serha\PycharmProjects\fno_battery\data\data\scaledData\scaledData20.csv
2025-05-01 05:35:12,983 - INFO - Loading file: C:\Users\serha\PycharmProjects\fno_battery\data\data\scaledData\scaledData3.csv
2025-05-01 05:35:13,256 - INFO - Loading file: C:\Users\serha\PycharmProjects\fno_battery\data\data\scaledData\scaledData5.csv
2025-05-01 05:35:13,688 - INFO - Loading file: C:\Users\serha\PycharmProjects\fno_battery\data\data\scaledData\scaledData6.csv
2025-05-01 05:35:13,995 - INFO - Loading file: C:\Users\serha\PycharmProjects\fno_battery\data\data\scaledData\scaledData7.csv
2025-05-01 05:35:14,447 - INFO - Loading file: C:\Users\serha\PycharmProjects\fno_battery\data\data\scaledData\scaledData8.csv
2025-05-01 05:35:14,868 - INFO - Loading file: C:\Users\serha\PycharmProjects\fno_battery\data\data\scaledData\scaledData9.csv
2025-05-01 05:35:15,221 - INFO - Loaded 180000 records from 18 files
2025-05-01 05:35:15,224 - INFO - Preprocessing Golf Car data
2025-05-01 05:35:15,281 - INFO - Creating sequences with length 60 and stride 30
2025-05-01 05:35:15,310 - INFO - Created 5976 sequences with shape (5976, 60, 7)
2025-05-01 05:35:15,317 - INFO - Created data loaders: Train (4184 samples), Validation (896 samples), Test (896 samples)
2025-05-01 05:35:15,317 - INFO - Dataset info: {'input_dim': 7, 'output_dim': 1, 'seq_len': 60, 'features': ['soc', 'pack_voltage (V)', 'charge_current (A)', 'max_cell_voltage (V)', 'min_cell_voltage (V)', 'max_temperature (℃)', 'min_temperature (℃)'], 'target': 'available_capacity (Ah)'}
2025-05-01 05:35:15,317 - INFO - Initializing model...
2025-05-01 05:35:15,322 - INFO - Training model...
2025-05-01 05:35:16,217 - INFO - Starting training for 5 epochs
2025-05-01 05:35:26,064 - INFO - Epoch 1/5 - Training Loss: 275756.239504
2025-05-01 05:35:27,433 - INFO - Epoch 1/5 - Validation Loss: 550955.551339
2025-05-01 05:35:27,439 - INFO - Model saved to models\LSTM_GOLF_CAR_model.pt
2025-05-01 05:35:42,502 - INFO - Epoch 2/5 - Training Loss: 412671.662452
2025-05-01 05:35:43,883 - INFO - Epoch 2/5 - Validation Loss: 530676.446429
2025-05-01 05:35:43,889 - INFO - Model saved to models\LSTM_GOLF_CAR_model.pt
2025-05-01 05:36:04,417 - INFO - Epoch 3/5 - Training Loss: 535359.452052
2025-05-01 05:36:05,827 - INFO - Epoch 3/5 - Validation Loss: 498907.760045
2025-05-01 05:36:05,832 - INFO - Model saved to models\LSTM_GOLF_CAR_model.pt
2025-05-01 05:36:26,348 - INFO - Epoch 4/5 - Training Loss: 497973.783635
2025-05-01 05:36:27,702 - INFO - Epoch 4/5 - Validation Loss: 444654.706473
2025-05-01 05:36:27,708 - INFO - Model saved to models\LSTM_GOLF_CAR_model.pt
2025-05-01 05:36:47,958 - INFO - Epoch 5/5 - Training Loss: 467642.401002
2025-05-01 05:36:49,387 - INFO - Epoch 5/5 - Validation Loss: 460333.632812
2025-05-01 05:36:49,387 - INFO - Loaded best model parameters
2025-05-01 05:36:49,389 - INFO - Training complete in 93.17 seconds
2025-05-01 05:36:49,389 - INFO - Best validation loss: 444654.706473
2025-05-01 05:36:49,389 - INFO - Evaluating model...
2025-05-01 05:36:50,811 - INFO - Evaluation metrics:
