2025-05-01 05:31:05,588 - INFO - Logger initialized at 2025-05-01 05:31:05
2025-05-01 05:31:05,589 - INFO - GPU not available, using CPU
2025-05-01 05:31:05,589 - INFO - Model: LSTM
2025-05-01 05:31:05,589 - INFO - Dataset: GOLF_CAR
2025-05-01 05:31:05,589 - INFO - Model Config: {'seq_len': 100, 'hidden_dim': 48, 'num_layers': 3, 'dropout': 0.2, 'batch_size': 32, 'epochs': 5, 'learning_rate': 1e-05}
2025-05-01 05:31:05,589 - INFO - Dataset Config: {'dir': 'C:\\Users\\serha\\PycharmProjects\\fno_battery\\data\\data\\scaledData', 'features': ['soc', 'pack_voltage (V)', 'charge_current (A)', 'max_cell_voltage (V)', 'min_cell_voltage (V)', 'max_temperature (℃)', 'min_temperature (℃)'], 'target': 'available_capacity (Ah)', 'input_dim': 7, 'output_dim': 1, 'sample_size': 10000, 'validation_split': 0.15, 'test_split': 0.15}
2025-05-01 05:31:05,593 - INFO - Processing data...
2025-05-01 05:31:05,593 - INFO - Processing GOLF_CAR dataset
2025-05-01 05:31:05,593 - INFO - Loading Golf Car dataset
2025-05-01 05:31:05,593 - INFO - Found 18 data files
2025-05-01 05:31:05,593 - INFO - Using sample size: 10000 records per file
2025-05-01 05:31:05,593 - INFO - Loading file: C:\Users\serha\PycharmProjects\fno_battery\data\data\scaledData\scaledData10.csv
2025-05-01 05:31:06,011 - INFO - Loading file: C:\Users\serha\PycharmProjects\fno_battery\data\data\scaledData\scaledData11.csv
2025-05-01 05:31:06,481 - INFO - Loading file: C:\Users\serha\PycharmProjects\fno_battery\data\data\scaledData\scaledData12.csv
2025-05-01 05:31:06,941 - INFO - Loading file: C:\Users\serha\PycharmProjects\fno_battery\data\data\scaledData\scaledData13.csv
2025-05-01 05:31:07,376 - INFO - Loading file: C:\Users\serha\PycharmProjects\fno_battery\data\data\scaledData\scaledData14.csv
2025-05-01 05:31:07,853 - INFO - Loading file: C:\Users\serha\PycharmProjects\fno_battery\data\data\scaledData\scaledData15.csv
2025-05-01 05:31:08,267 - INFO - Loading file: C:\Users\serha\PycharmProjects\fno_battery\data\data\scaledData\scaledData16.csv
2025-05-01 05:31:08,770 - INFO - Loading file: C:\Users\serha\PycharmProjects\fno_battery\data\data\scaledData\scaledData17.csv
2025-05-01 05:31:09,169 - INFO - Loading file: C:\Users\serha\PycharmProjects\fno_battery\data\data\scaledData\scaledData18.csv
2025-05-01 05:31:09,590 - INFO - Loading file: C:\Users\serha\PycharmProjects\fno_battery\data\data\scaledData\scaledData19.csv
2025-05-01 05:31:09,999 - INFO - Loading file: C:\Users\serha\PycharmProjects\fno_battery\data\data\scaledData\scaledData2.csv
2025-05-01 05:31:10,466 - INFO - Loading file: C:\Users\serha\PycharmProjects\fno_battery\data\data\scaledData\scaledData20.csv
2025-05-01 05:31:10,920 - INFO - Loading file: C:\Users\serha\PycharmProjects\fno_battery\data\data\scaledData\scaledData3.csv
2025-05-01 05:31:11,199 - INFO - Loading file: C:\Users\serha\PycharmProjects\fno_battery\data\data\scaledData\scaledData5.csv
2025-05-01 05:31:11,626 - INFO - Loading file: C:\Users\serha\PycharmProjects\fno_battery\data\data\scaledData\scaledData6.csv
2025-05-01 05:31:11,928 - INFO - Loading file: C:\Users\serha\PycharmProjects\fno_battery\data\data\scaledData\scaledData7.csv
2025-05-01 05:31:12,394 - INFO - Loading file: C:\Users\serha\PycharmProjects\fno_battery\data\data\scaledData\scaledData8.csv
2025-05-01 05:31:12,847 - INFO - Loading file: C:\Users\serha\PycharmProjects\fno_battery\data\data\scaledData\scaledData9.csv
2025-05-01 05:31:13,192 - INFO - Loaded 180000 records from 18 files
2025-05-01 05:31:13,193 - INFO - Preprocessing Golf Car data
2025-05-01 05:31:13,250 - INFO - Creating sequences with length 100 and stride 50
2025-05-01 05:31:13,275 - INFO - Created 3564 sequences with shape (3564, 100, 7)
2025-05-01 05:31:13,279 - INFO - Created data loaders: Train (2496 samples), Validation (534 samples), Test (534 samples)
2025-05-01 05:31:13,281 - INFO - Dataset info: {'input_dim': 7, 'output_dim': 1, 'seq_len': 100, 'features': ['soc', 'pack_voltage (V)', 'charge_current (A)', 'max_cell_voltage (V)', 'min_cell_voltage (V)', 'max_temperature (℃)', 'min_temperature (℃)'], 'target': 'available_capacity (Ah)'}
2025-05-01 05:31:13,281 - INFO - Initializing model...
2025-05-01 05:31:13,281 - INFO - Training model...
2025-05-01 05:32:02,206 - INFO - Evaluating model...
2025-05-01 05:32:02,797 - INFO - Evaluation metrics:
